Compiling lib\main.dart for the Web...                          
flutter : Target dart2js failed: ProcessException: Process exited abnormally with exit code 1:
At line:1 char:1
+ flutter build web --no-wasm-dry-run 2>&1 | tee build_output.txt
+ ~~~~~~~~~~~~~~~~~~~~~~~~~~~~~~~~~~~~~~~~
    + CategoryInfo          : NotSpecified: (Target dart2js ...th exit code 1::String) [], RemoteException
    + FullyQualifiedErrorId : NativeCommandError
 
lib/features/post/presentation/widgets/post_card.dart:132:54:
Error: Property 'length' cannot be accessed on 'List<String>?' because it is potentially null.
 - 'List' is from 'dart:core'.
    final likesCount = likesList is List ? likesList.length : 0;
                                                     ^^^^^^
Error: Compilation failed.
  Command: C:\Flutter\flutter\bin\cache\dart-sdk\bin\dart.exe compile js 
--platform-binaries=C:\Flutter\flutter\bin\cache\flutter_web_sdk\kernel --invoker=flutter_tool -Ddart.vm.product=true 
-DFLUTTER_VERSION=3.38.4 -DFLUTTER_CHANNEL=stable -DFLUTTER_GIT_URL=https://github.com/flutter/flutter.git 
-DFLUTTER_FRAMEWORK_REVISION=66dd93f9a2 -DFLUTTER_ENGINE_REVISION=a5cb96369e -DFLUTTER_DART_VERSION=3.10.3 
-DFLUTTER_WEB_USE_SKIA=true -DFLUTTER_WEB_USE_SKWASM=false 
-DFLUTTER_WEB_CANVASKIT_URL=https://www.gstatic.com/flutter-canvaskit/a5cb96369ef86c7e85abf5d662a1ca5d89775053/ 
--native-null-assertions --no-source-maps -O4 --minify -o 
D:\puconnect\.dart_tool\flutter_build\4ffbc9a0ec9de0fe5ea9e08c7381e33f\app.dill 
--packages=D:\puconnect\.dart_tool\package_config.json --cfe-only 
D:\puconnect\.dart_tool\flutter_build\4ffbc9a0ec9de0fe5ea9e08c7381e33f\main.dart
#0      RunResult.throwException (package:flutter_tools/src/base/process.dart:153:5)
#1      _DefaultProcessUtils.run (package:flutter_tools/src/base/process.dart:379:19)
<asynchronous suspension>
#2      Dart2JSTarget.build (package:flutter_tools/src/build_system/targets/web.dart:207:5)
<asynchronous suspension>
#3      _BuildInstance._invokeInternal (package:flutter_tools/src/build_system/build_system.dart:895:9)
<asynchronous suspension>
#4      Future.wait.<anonymous closure> (dart:async/future.dart:546:21)
<asynchronous suspension>
#5      _BuildInstance.invokeTarget (package:flutter_tools/src/build_system/build_system.dart:833:32)
<asynchronous suspension>
#6      Future.wait.<anonymous closure> (dart:async/future.dart:546:21)
<asynchronous suspension>
#7      _BuildInstance.invokeTarget (package:flutter_tools/src/build_system/build_system.dart:833:32)
<asynchronous suspension>
#8      FlutterBuildSystem.build (package:flutter_tools/src/build_system/build_system.dart:653:16)
<asynchronous suspension>
#9      WebBuilder.buildWeb (package:flutter_tools/src/web/compile.dart:94:34)
<asynchronous suspension>
#10     BuildWebCommand.runCommand (package:flutter_tools/src/commands/build_web.dart:296:5)
<asynchronous suspension>
#11     FlutterCommand.run.<anonymous closure> (package:flutter_tools/src/runner/flutter_command.dart:1559:27)
<asynchronous suspension>
#12     AppContext.run.<anonymous closure> (package:flutter_tools/src/base/context.dart:154:19)
<asynchronous suspension>
#13     CommandRunner.runCommand (package:args/command_runner.dart:212:13)
<asynchronous suspension>
#14     FlutterCommandRunner.runCommand.<anonymous closure> 
(package:flutter_tools/src/runner/flutter_command_runner.dart:487:9)
<asynchronous suspension>
#15     AppContext.run.<anonymous closure> (package:flutter_tools/src/base/context.dart:154:19)
<asynchronous suspension>
#16     FlutterCommandRunner.runCommand (package:flutter_tools/src/runner/flutter_command_runner.dart:422:5)
<asynchronous suspension>
#17     run.<anonymous closure>.<anonymous closure> (package:flutter_tools/runner.dart:104:11)
<asynchronous suspension>
#18     AppContext.run.<anonymous closure> (package:flutter_tools/src/base/context.dart:154:19)
<asynchronous suspension>
#19     main (package:flutter_tools/executable.dart:103:3)
<asynchronous suspension>

Compiling lib\main.dart for the Web...                              9.6s
Error: Failed to compile application for the Web.
